// Jest Snapshot v1, https://goo.gl/fbAQLP

exports[`DataDecorator renders correctly 1`] = `undefined`;

exports[`DataDecorator renders the HTML of the node's subtree 1`] = `
<button
  class="security--decorator security--decorator--low"
>
  <span
    class="security--decorator__icon"
  >
    <svg
      aria-hidden="true"
      class="security--icon"
      fill-rule="evenodd"
      focusable="false"
      height="16"
      preserveAspectRatio="xMidYMid meet"
      style="will-change: transform;"
      viewBox="0 0 16 16"
      width="16"
    >
      <path
        d="M 8.00,3.00
           C 8.00,3.00 14.00,12.00 14.00,12.00
             14.00,12.00 2.00,12.00 2.00,12.00
             2.00,12.00 8.00,3.00 8.00,3.00 Z"
      />
    </svg>
  </span>
  <span
    class="security--decorator__type"
  >
    IP
  </span>
  <span
    class="security--decorator__value"
  >
    10.0.0.0
  </span>
</button>
`;
